// Jest Snapshot v1, https://goo.gl/fbAQLP

exports[`allows json upload of the units 1`] = `
<DocumentFragment>
  <div
    class="MuiContainer-root BattleSimulator___StyledContainer-sc-p84n5w-5 lgCyvA MuiContainer-maxWidthLg"
  >
    <header
      class="MuiPaper-root MuiAppBar-root MuiAppBar-positionStatic MuiAppBar-colorPrimary StyledComponents__StyledAppBar-sc-4eawh9-0 fWtYRQ MuiPaper-elevation4"
    >
      <div
        class="MuiToolbar-root MuiToolbar-regular MuiToolbar-gutters"
      >
        <h6
          class="MuiTypography-root MuiTypography-h6"
        >
          Atlantis Battle simulator
        </h6>
        <div
          style="flex-grow: 1;"
        />
        <input
          accept="application/JSON"
          data-testid="json-upload-input"
          id="icon-button-file"
          style="display: none;"
          type="file"
        />
        <label
          for="icon-button-file"
        >
          <span
            aria-disabled="false"
            class="MuiButtonBase-root MuiIconButton-root MuiIconButton-colorInherit MuiIconButton-edgeEnd"
            role="button"
            tabindex="0"
          >
            <span
              class="MuiIconButton-label"
            >
              <svg
                aria-hidden="true"
                class="MuiSvgIcon-root"
                focusable="false"
                title="Upload battle as a JSON file"
                viewBox="0 0 24 24"
              >
                <path
                  d="M19.35 10.04C18.67 6.59 15.64 4 12 4 9.11 4 6.6 5.64 5.35 8.04 2.34 8.36 0 10.91 0 14c0 3.31 2.69 6 6 6h13c2.76 0 5-2.24 5-5 0-2.64-2.05-4.78-4.65-4.96zM14 13v4h-4v-4H7l5-5 5 5h-3z"
                />
              </svg>
            </span>
            <span
              class="MuiTouchRipple-root"
            />
          </span>
        </label>
        <button
          class="MuiButtonBase-root MuiIconButton-root MuiIconButton-colorInherit MuiIconButton-edgeEnd"
          tabindex="0"
          type="button"
        >
          <span
            class="MuiIconButton-label"
          >
            <svg
              aria-hidden="true"
              class="MuiSvgIcon-root"
              data-testid="download-json"
              focusable="false"
              title="Download battle as a JSON file"
              viewBox="0 0 24 24"
            >
              <path
                d="M19.35 10.04C18.67 6.59 15.64 4 12 4 9.11 4 6.6 5.64 5.35 8.04 2.34 8.36 0 10.91 0 14c0 3.31 2.69 6 6 6h13c2.76 0 5-2.24 5-5 0-2.64-2.05-4.78-4.65-4.96zM17 13l-5 5-5-5h3V9h4v4h3z"
              />
            </svg>
          </span>
          <span
            class="MuiTouchRipple-root"
          />
        </button>
      </div>
    </header>
    <div
      class="MuiPaper-root StyledComponents__StyledPaper-sc-4eawh9-1 kkcYNg MuiPaper-elevation3"
    >
      <h5
        class="MuiTypography-root StyledComponents__StyledHeading-sc-4eawh9-2 MainForm___StyledStyledHeading-sc-1e5y3lf-2 deDFYq kAKEhK MuiTypography-h5"
      >
        <div
          class="MainForm__SectionHeaderContainer-sc-1e5y3lf-1 hKKygX"
        >
          Men/Items/Monsters 
          <svg
            aria-hidden="true"
            class="MuiSvgIcon-root MainForm___StyledAddCircleIcon-sc-1e5y3lf-3 cIwIql"
            focusable="false"
            title="Add new item"
            viewBox="0 0 24 24"
          >
            <path
              d="M12 2C6.48 2 2 6.48 2 12s4.48 10 10 10 10-4.48 10-10S17.52 2 12 2zm5 11h-4v4h-2v-4H7v-2h4V7h2v4h4v2z"
            />
          </svg>
        </div>
        <div
          class="MuiGrid-root MuiGrid-container MuiGrid-spacing-xs-2"
        >
          <div
            class="MuiGrid-root MuiGrid-item MuiGrid-grid-xs-6 MuiGrid-grid-md-4"
          >
            <label
              class="MuiFormLabel-root MuiInputLabel-root MuiInputLabel-animated MuiInputLabel-shrink"
              data-shrink="true"
            >
              Item
            </label>
            <div
              aria-expanded="false"
              class="MuiAutocomplete-root MuiAutocomplete-hasClearIcon MuiAutocomplete-hasPopupIcon"
              role="combobox"
            >
              <div
                class="MuiFormControl-root MuiTextField-root MainForm___StyledTextField-sc-1e5y3lf-4 fvSpYD MuiFormControl-fullWidth"
              >
                <div
                  class="MuiInputBase-root MuiOutlinedInput-root MuiAutocomplete-inputRoot MuiInputBase-fullWidth MuiInputBase-formControl MuiInputBase-adornedEnd MuiOutlinedInput-adornedEnd MuiInputBase-marginDense MuiOutlinedInput-marginDense"
                >
                  <input
                    aria-autocomplete="list"
                    aria-invalid="false"
                    autocapitalize="none"
                    autocomplete="off"
                    class="MuiInputBase-input MuiOutlinedInput-input MuiAutocomplete-input MuiAutocomplete-inputFocused MuiInputBase-inputAdornedEnd MuiOutlinedInput-inputAdornedEnd MuiInputBase-inputMarginDense MuiOutlinedInput-inputMarginDense"
                    id="item-autocomplete-0"
                    spellcheck="false"
                    type="text"
                    value="leader [LEAD]"
                  />
                  <div
                    class="MuiAutocomplete-endAdornment"
                  >
                    <button
                      aria-label="Clear"
                      class="MuiButtonBase-root MuiIconButton-root MuiAutocomplete-clearIndicator MuiAutocomplete-clearIndicatorDirty"
                      tabindex="-1"
                      title="Clear"
                      type="button"
                    >
                      <span
                        class="MuiIconButton-label"
                      >
                        <svg
                          aria-hidden="true"
                          class="MuiSvgIcon-root MuiSvgIcon-fontSizeSmall"
                          focusable="false"
                          viewBox="0 0 24 24"
                        >
                          <path
                            d="M19 6.41L17.59 5 12 10.59 6.41 5 5 6.41 10.59 12 5 17.59 6.41 19 12 13.41 17.59 19 19 17.59 13.41 12z"
                          />
                        </svg>
                      </span>
                      <span
                        class="MuiTouchRipple-root"
                      />
                    </button>
                    <button
                      aria-label="Open"
                      class="MuiButtonBase-root MuiIconButton-root MuiAutocomplete-popupIndicator"
                      tabindex="-1"
                      title="Open"
                      type="button"
                    >
                      <span
                        class="MuiIconButton-label"
                      >
                        <svg
                          aria-hidden="true"
                          class="MuiSvgIcon-root"
                          focusable="false"
                          viewBox="0 0 24 24"
                        >
                          <path
                            d="M7 10l5 5 5-5z"
                          />
                        </svg>
                      </span>
                      <span
                        class="MuiTouchRipple-root"
                      />
                    </button>
                  </div>
                  <fieldset
                    aria-hidden="true"
                    class="PrivateNotchedOutline-root MuiOutlinedInput-notchedOutline"
                    style="padding-left: 8px;"
                  >
                    <legend
                      class="PrivateNotchedOutline-legend"
                      style="width: 0.01px;"
                    >
                      <span>
                        ​
                      </span>
                    </legend>
                  </fieldset>
                </div>
              </div>
            </div>
          </div>
          <div
            class="MuiGrid-root MuiGrid-item MuiGrid-grid-xs-6 MuiGrid-grid-md-4"
          >
            <label
              class="MuiFormLabel-root MuiInputLabel-root MuiInputLabel-animated MuiInputLabel-shrink"
              data-shrink="true"
            >
              Amount
            </label>
            <div
              class="MuiFormControl-root MuiTextField-root MainForm___StyledTextField2-sc-1e5y3lf-5 jKvPUZ"
            >
              <div
                class="MuiInputBase-root MuiInput-root MuiInput-underline MuiInputBase-formControl MuiInput-formControl"
              >
                <input
                  aria-invalid="false"
                  autocomplete="off"
                  class="MuiInputBase-input MuiInput-input"
                  name="name"
                  placeholder="1"
                  type="text"
                  value="1"
                />
              </div>
            </div>
          </div>
        </div>
      </h5>
      <h5
        class="MuiTypography-root StyledComponents__StyledHeading-sc-4eawh9-2 deDFYq MuiTypography-h5"
      >
        <div
          class="MainForm__SectionHeaderContainer-sc-1e5y3lf-1 hKKygX"
        >
          Skills 
          <svg
            aria-hidden="true"
            class="MuiSvgIcon-root MainForm___StyledAddCircleIcon2-sc-1e5y3lf-6 dVZBDi"
            focusable="false"
            title="Add new skill"
            viewBox="0 0 24 24"
          >
            <path
              d="M12 2C6.48 2 2 6.48 2 12s4.48 10 10 10 10-4.48 10-10S17.52 2 12 2zm5 11h-4v4h-2v-4H7v-2h4V7h2v4h4v2z"
            />
          </svg>
        </div>
        <div
          class="MuiGrid-root MuiGrid-container MuiGrid-spacing-xs-2"
        >
          <div
            class="MuiGrid-root MuiGrid-item MuiGrid-grid-xs-6 MuiGrid-grid-md-4"
          >
            <label
              class="MuiFormLabel-root MuiInputLabel-root MuiInputLabel-animated MuiInputLabel-shrink"
              data-shrink="true"
            >
              Skill
            </label>
            <div
              aria-expanded="false"
              class="MuiAutocomplete-root MuiAutocomplete-hasClearIcon MuiAutocomplete-hasPopupIcon"
              role="combobox"
            >
              <div
                class="MuiFormControl-root MuiTextField-root MainForm___StyledTextField3-sc-1e5y3lf-7 fxMBxj MuiFormControl-fullWidth"
              >
                <div
                  class="MuiInputBase-root MuiOutlinedInput-root MuiAutocomplete-inputRoot MuiInputBase-fullWidth MuiInputBase-formControl MuiInputBase-adornedEnd MuiOutlinedInput-adornedEnd MuiInputBase-marginDense MuiOutlinedInput-marginDense"
                >
                  <input
                    aria-autocomplete="list"
                    aria-invalid="false"
                    autocapitalize="none"
                    autocomplete="off"
                    class="MuiInputBase-input MuiOutlinedInput-input MuiAutocomplete-input MuiAutocomplete-inputFocused MuiInputBase-inputAdornedEnd MuiOutlinedInput-inputAdornedEnd MuiInputBase-inputMarginDense MuiOutlinedInput-inputMarginDense"
                    id="skill-autocomplete-0"
                    spellcheck="false"
                    type="text"
                    value=""
                  />
                  <div
                    class="MuiAutocomplete-endAdornment"
                  >
                    <button
                      aria-label="Clear"
                      class="MuiButtonBase-root MuiIconButton-root MuiAutocomplete-clearIndicator"
                      tabindex="-1"
                      title="Clear"
                      type="button"
                    >
                      <span
                        class="MuiIconButton-label"
                      >
                        <svg
                          aria-hidden="true"
                          class="MuiSvgIcon-root MuiSvgIcon-fontSizeSmall"
                          focusable="false"
                          viewBox="0 0 24 24"
                        >
                          <path
                            d="M19 6.41L17.59 5 12 10.59 6.41 5 5 6.41 10.59 12 5 17.59 6.41 19 12 13.41 17.59 19 19 17.59 13.41 12z"
                          />
                        </svg>
                      </span>
                      <span
                        class="MuiTouchRipple-root"
                      />
                    </button>
                    <button
                      aria-label="Open"
                      class="MuiButtonBase-root MuiIconButton-root MuiAutocomplete-popupIndicator"
                      tabindex="-1"
                      title="Open"
                      type="button"
                    >
                      <span
                        class="MuiIconButton-label"
                      >
                        <svg
                          aria-hidden="true"
                          class="MuiSvgIcon-root"
                          focusable="false"
                          viewBox="0 0 24 24"
                        >
                          <path
                            d="M7 10l5 5 5-5z"
                          />
                        </svg>
                      </span>
                      <span
                        class="MuiTouchRipple-root"
                      />
                    </button>
                  </div>
                  <fieldset
                    aria-hidden="true"
                    class="PrivateNotchedOutline-root MuiOutlinedInput-notchedOutline"
                    style="padding-left: 8px;"
                  >
                    <legend
                      class="PrivateNotchedOutline-legend"
                      style="width: 0.01px;"
                    >
                      <span>
                        ​
                      </span>
                    </legend>
                  </fieldset>
                </div>
              </div>
            </div>
          </div>
          <div
            class="MuiGrid-root MuiGrid-item MuiGrid-grid-xs-6 MuiGrid-grid-md-4"
          >
            <label
              class="MuiFormLabel-root MuiInputLabel-root MuiInputLabel-animated MuiInputLabel-shrink"
              data-shrink="true"
            >
              Level
            </label>
            <span
              class="MuiSlider-root MuiSlider-colorPrimary MuiSlider-marked"
            >
              <span
                class="MuiSlider-rail"
              />
              <span
                class="MuiSlider-track"
                style="left: 0%; width: 0%;"
              />
              <input
                type="hidden"
                value="1"
              />
              <span
                class="MuiSlider-mark MuiSlider-markActive"
                data-index="0"
                style="left: 0%;"
              />
              <span
                aria-hidden="true"
                class="MuiSlider-markLabel MuiSlider-markLabelActive"
                data-index="0"
                style="left: 0%;"
              >
                1
              </span>
              <span
                class="MuiSlider-mark"
                data-index="1"
                style="left: 25%;"
              />
              <span
                aria-hidden="true"
                class="MuiSlider-markLabel"
                data-index="1"
                style="left: 25%;"
              >
                2
              </span>
              <span
                class="MuiSlider-mark"
                data-index="2"
                style="left: 50%;"
              />
              <span
                aria-hidden="true"
                class="MuiSlider-markLabel"
                data-index="2"
                style="left: 50%;"
              >
                3
              </span>
              <span
                class="MuiSlider-mark"
                data-index="3"
                style="left: 75%;"
              />
              <span
                aria-hidden="true"
                class="MuiSlider-markLabel"
                data-index="3"
                style="left: 75%;"
              >
                4
              </span>
              <span
                class="MuiSlider-mark"
                data-index="4"
                style="left: 100%;"
              />
              <span
                aria-hidden="true"
                class="MuiSlider-markLabel"
                data-index="4"
                style="left: 100%;"
              >
                5
              </span>
              <span
                aria-orientation="horizontal"
                aria-valuemax="5"
                aria-valuemin="1"
                aria-valuenow="1"
                class="MuiSlider-thumb MuiSlider-thumbColorPrimary PrivateValueLabel-thumb"
                data-index="0"
                role="slider"
                style="left: 0%;"
                tabindex="0"
              >
                <span
                  class="PrivateValueLabel-offset MuiSlider-valueLabel"
                >
                  <span
                    class="PrivateValueLabel-circle"
                  >
                    <span
                      class="PrivateValueLabel-label"
                    >
                      1
                    </span>
                  </span>
                </span>
              </span>
            </span>
          </div>
        </div>
      </h5>
      <div />
      <label
        class="MuiFormControlLabel-root"
      >
        <span
          class="MuiSwitch-root"
        >
          <span
            aria-disabled="false"
            class="MuiButtonBase-root MuiIconButton-root PrivateSwitchBase-root MuiSwitch-switchBase MuiSwitch-colorSecondary"
          >
            <span
              class="MuiIconButton-label"
            >
              <input
                class="PrivateSwitchBase-input MuiSwitch-input"
                type="checkbox"
                value=""
              />
              <span
                class="MuiSwitch-thumb"
              />
            </span>
            <span
              class="MuiTouchRipple-root"
            />
          </span>
          <span
            class="MuiSwitch-track"
          />
        </span>
        <span
          class="MuiTypography-root MuiFormControlLabel-label MuiTypography-body1"
        >
          Behind
        </span>
      </label>
      <div>
        <div
          class="MuiGrid-root MuiGrid-container MuiGrid-spacing-xs-1"
        >
          <div
            class="MuiGrid-root MuiGrid-item MuiGrid-grid-xs-4"
          >
            <div
              class="MuiFormControl-root MuiTextField-root MainForm___StyledTextField4-sc-1e5y3lf-9 iYYoyr"
            >
              <label
                class="MuiFormLabel-root MuiInputLabel-root MuiInputLabel-formControl MuiInputLabel-animated MuiInputLabel-shrink MuiFormLabel-filled"
                data-shrink="true"
              >
                Unit name
              </label>
              <div
                class="MuiInputBase-root MuiInput-root MuiInput-underline MuiInputBase-formControl MuiInput-formControl"
              >
                <input
                  aria-invalid="false"
                  class="MuiInputBase-input MuiInput-input"
                  name="name"
                  placeholder="Unit"
                  type="text"
                  value="Unit"
                />
              </div>
            </div>
          </div>
        </div>
      </div>
      <div
        class="MainForm__ButtonGroup-sc-1e5y3lf-0 iRCkBV"
      >
        <button
          class="MuiButtonBase-root MuiButton-root MuiButton-contained MainForm___StyledButton2-sc-1e5y3lf-11 jZYmOv MuiButton-containedPrimary MuiButton-containedSizeSmall MuiButton-sizeSmall"
          data-testid="add-to-attackers"
          tabindex="0"
          type="button"
        >
          <span
            class="MuiButton-label"
          >
            <span
              class="MuiButton-startIcon MuiButton-iconSizeSmall"
            >
              <svg
                aria-hidden="true"
                class="MuiSvgIcon-root"
                focusable="false"
                viewBox="0 0 24 24"
              >
                <path
                  d="M19 13h-6v6h-2v-6H5v-2h6V5h2v6h6v2z"
                />
              </svg>
            </span>
            Add to Attackers
          </span>
          <span
            class="MuiTouchRipple-root"
          />
        </button>
        <button
          class="MuiButtonBase-root MuiButton-root MuiButton-contained MainForm___StyledButton3-sc-1e5y3lf-12 ibPwVl MuiButton-containedPrimary MuiButton-containedSizeSmall MuiButton-sizeSmall"
          data-testid="add-to-defenders"
          tabindex="0"
          type="button"
        >
          <span
            class="MuiButton-label"
          >
            <span
              class="MuiButton-startIcon MuiButton-iconSizeSmall"
            >
              <svg
                aria-hidden="true"
                class="MuiSvgIcon-root"
                focusable="false"
                viewBox="0 0 24 24"
              >
                <path
                  d="M19 13h-6v6h-2v-6H5v-2h6V5h2v6h6v2z"
                />
              </svg>
            </span>
            Add to Defenders
          </span>
          <span
            class="MuiTouchRipple-root"
          />
        </button>
        <button
          class="MuiButtonBase-root MuiButton-root MuiButton-contained MuiButton-containedSecondary MuiButton-containedSizeSmall MuiButton-sizeSmall"
          data-testid="reset-form"
          tabindex="0"
          type="button"
        >
          <span
            class="MuiButton-label"
          >
            <span
              class="MuiButton-startIcon MuiButton-iconSizeSmall"
            >
              <svg
                aria-hidden="true"
                class="MuiSvgIcon-root"
                focusable="false"
                viewBox="0 0 24 24"
              >
                <path
                  d="M6 19c0 1.1.9 2 2 2h8c1.1 0 2-.9 2-2V7H6v12zM19 4h-3.5l-1-1h-5l-1 1H5v2h14V4z"
                />
              </svg>
            </span>
            Reset
          </span>
          <span
            class="MuiTouchRipple-root"
          />
        </button>
      </div>
    </div>
    <div
      class="MuiGrid-root MuiGrid-container MuiGrid-spacing-xs-3"
    >
      <div
        class="MuiGrid-root MuiGrid-item MuiGrid-grid-xs-12 MuiGrid-grid-sm-6"
      >
        <div
          class="MuiPaper-root StyledComponents__StyledPaper-sc-4eawh9-1 kkcYNg MuiPaper-elevation3"
        >
          <h5
            class="MuiTypography-root StyledComponents__StyledSideHeading-sc-4eawh9-3 fHDZeF MuiTypography-h5 MuiTypography-gutterBottom"
          >
            Attacker units
          </h5>
          <svg
            aria-hidden="true"
            class="MuiSvgIcon-root BattleSimulator__SideClearIcon-sc-p84n5w-1 BattleSimulator___StyledSideClearIcon-sc-p84n5w-3 gRsiHN egHhhE MuiSvgIcon-fontSizeSmall"
            focusable="false"
            title="Clear all units on this side"
            viewBox="0 0 24 24"
          >
            <path
              d="M6 19c0 1.1.9 2 2 2h8c1.1 0 2-.9 2-2V7H6v12zM19 4h-3.5l-1-1h-5l-1 1H5v2h14V4z"
            />
          </svg>
          <label
            class="MuiFormLabel-root MuiInputLabel-root MuiInputLabel-animated MuiInputLabel-shrink"
            data-shrink="true"
          >
            Structure
          </label>
          <div
            aria-expanded="false"
            class="MuiAutocomplete-root MuiAutocomplete-hasClearIcon MuiAutocomplete-hasPopupIcon"
            role="combobox"
          >
            <div
              class="MuiFormControl-root MuiTextField-root BattleSimulator___StyledTextField-sc-p84n5w-6 liQjIF MuiFormControl-fullWidth"
            >
              <div
                class="MuiInputBase-root MuiOutlinedInput-root MuiAutocomplete-inputRoot MuiInputBase-fullWidth MuiInputBase-formControl MuiInputBase-adornedEnd MuiOutlinedInput-adornedEnd MuiInputBase-marginDense MuiOutlinedInput-marginDense"
              >
                <input
                  aria-autocomplete="list"
                  aria-invalid="false"
                  autocapitalize="none"
                  autocomplete="off"
                  class="MuiInputBase-input MuiOutlinedInput-input MuiAutocomplete-input MuiAutocomplete-inputFocused MuiInputBase-inputAdornedEnd MuiOutlinedInput-inputAdornedEnd MuiInputBase-inputMarginDense MuiOutlinedInput-inputMarginDense"
                  id="attacker-structure-autocomplete"
                  spellcheck="false"
                  type="text"
                  value=""
                />
                <div
                  class="MuiAutocomplete-endAdornment"
                >
                  <button
                    aria-label="Clear"
                    class="MuiButtonBase-root MuiIconButton-root MuiAutocomplete-clearIndicator"
                    tabindex="-1"
                    title="Clear"
                    type="button"
                  >
                    <span
                      class="MuiIconButton-label"
                    >
                      <svg
                        aria-hidden="true"
                        class="MuiSvgIcon-root MuiSvgIcon-fontSizeSmall"
                        focusable="false"
                        viewBox="0 0 24 24"
                      >
                        <path
                          d="M19 6.41L17.59 5 12 10.59 6.41 5 5 6.41 10.59 12 5 17.59 6.41 19 12 13.41 17.59 19 19 17.59 13.41 12z"
                        />
                      </svg>
                    </span>
                    <span
                      class="MuiTouchRipple-root"
                    />
                  </button>
                  <button
                    aria-label="Open"
                    class="MuiButtonBase-root MuiIconButton-root MuiAutocomplete-popupIndicator"
                    tabindex="-1"
                    title="Open"
                    type="button"
                  >
                    <span
                      class="MuiIconButton-label"
                    >
                      <svg
                        aria-hidden="true"
                        class="MuiSvgIcon-root"
                        focusable="false"
                        viewBox="0 0 24 24"
                      >
                        <path
                          d="M7 10l5 5 5-5z"
                        />
                      </svg>
                    </span>
                    <span
                      class="MuiTouchRipple-root"
                    />
                  </button>
                </div>
                <fieldset
                  aria-hidden="true"
                  class="PrivateNotchedOutline-root MuiOutlinedInput-notchedOutline"
                  style="padding-left: 8px;"
                >
                  <legend
                    class="PrivateNotchedOutline-legend"
                    style="width: 0.01px;"
                  >
                    <span>
                      ​
                    </span>
                  </legend>
                </fieldset>
              </div>
            </div>
          </div>
          <div
            class="MuiPaper-root MuiTableContainer-root UnitList___StyledTableContainer-sc-1jknfe-0 eryOhk MuiPaper-elevation1 MuiPaper-rounded"
          >
            <table
              aria-label="a dense table"
              class="MuiTable-root"
            >
              <thead
                class="MuiTableHead-root"
              >
                <tr
                  class="MuiTableRow-root MuiTableRow-head"
                >
                  <th
                    class="MuiTableCell-root MuiTableCell-head MuiTableCell-sizeSmall"
                    scope="col"
                  >
                    Name
                  </th>
                  <th
                    class="MuiTableCell-root MuiTableCell-head MuiTableCell-alignLeft MuiTableCell-sizeSmall"
                    scope="col"
                  >
                    Items
                  </th>
                  <th
                    class="MuiTableCell-root MuiTableCell-head MuiTableCell-alignLeft MuiTableCell-sizeSmall"
                    scope="col"
                  >
                    Skills
                  </th>
                  <th
                    class="MuiTableCell-root MuiTableCell-head MuiTableCell-alignLeft MuiTableCell-sizeSmall"
                    scope="col"
                  >
                    Behind
                  </th>
                  <th
                    class="MuiTableCell-root MuiTableCell-head MuiTableCell-alignRight MuiTableCell-sizeSmall"
                    scope="col"
                  >
                    Actions
                  </th>
                </tr>
              </thead>
              <tbody
                class="MuiTableBody-root"
              >
                <tr
                  class="MuiTableRow-root"
                >
                  <th
                    class="MuiTableCell-root MuiTableCell-body MuiTableCell-sizeSmall"
                    role="cell"
                    scope="row"
                  >
                    hell yeah
                  </th>
                  <td
                    class="MuiTableCell-root MuiTableCell-body MuiTableCell-alignLeft MuiTableCell-sizeSmall"
                  >
                    <div>
                      2 [LEAD]
                    </div>
                  </td>
                  <td
                    class="MuiTableCell-root MuiTableCell-body MuiTableCell-alignLeft MuiTableCell-sizeSmall"
                  />
                  <td
                    class="MuiTableCell-root MuiTableCell-body MuiTableCell-alignLeft MuiTableCell-sizeSmall"
                  >
                    no
                  </td>
                  <td
                    class="MuiTableCell-root MuiTableCell-body MuiTableCell-alignRight MuiTableCell-sizeSmall"
                  >
                    <svg
                      aria-hidden="true"
                      class="MuiSvgIcon-root UnitList___StyledEditIcon-sc-1jknfe-1 kZIxit MuiSvgIcon-fontSizeSmall"
                      focusable="false"
                      title="Edit"
                      viewBox="0 0 24 24"
                    >
                      <path
                        d="M3 17.25V21h3.75L17.81 9.94l-3.75-3.75L3 17.25zM20.71 7.04c.39-.39.39-1.02 0-1.41l-2.34-2.34a.9959.9959 0 00-1.41 0l-1.83 1.83 3.75 3.75 1.83-1.83z"
                      />
                    </svg>
                    <svg
                      aria-hidden="true"
                      class="MuiSvgIcon-root UnitList___StyledFileCopyIcon-sc-1jknfe-2 gQOMaF MuiSvgIcon-fontSizeSmall"
                      focusable="false"
                      title="Duplicate"
                      viewBox="0 0 24 24"
                    >
                      <path
                        d="M16 1H4c-1.1 0-2 .9-2 2v14h2V3h12V1zm-1 4l6 6v10c0 1.1-.9 2-2 2H7.99C6.89 23 6 22.1 6 21l.01-14c0-1.1.89-2 1.99-2h7zm-1 7h5.5L14 6.5V12z"
                      />
                    </svg>
                    <svg
                      aria-hidden="true"
                      class="MuiSvgIcon-root UnitList___StyledSyncAltIcon-sc-1jknfe-3 fCdAbp MuiSvgIcon-fontSizeSmall"
                      focusable="false"
                      title="Duplicate to other side"
                      viewBox="0 0 24 24"
                    >
                      <path
                        d="M22 8l-4-4v3H3v2h15v3l4-4zM2 16l4 4v-3h15v-2H6v-3l-4 4z"
                      />
                    </svg>
                    <svg
                      aria-hidden="true"
                      class="MuiSvgIcon-root UnitList___StyledDeleteIcon-sc-1jknfe-4 fckdFN MuiSvgIcon-fontSizeSmall"
                      focusable="false"
                      title="Delete"
                      viewBox="0 0 24 24"
                    >
                      <path
                        d="M6 19c0 1.1.9 2 2 2h8c1.1 0 2-.9 2-2V7H6v12zM19 4h-3.5l-1-1h-5l-1 1H5v2h14V4z"
                      />
                    </svg>
                  </td>
                </tr>
              </tbody>
            </table>
          </div>
        </div>
      </div>
      <div
        class="MuiGrid-root MuiGrid-item MuiGrid-grid-xs-12 MuiGrid-grid-sm-6"
      >
        <div
          class="MuiPaper-root StyledComponents__StyledPaper-sc-4eawh9-1 kkcYNg MuiPaper-elevation3"
        >
          <h5
            class="MuiTypography-root StyledComponents__StyledSideHeading-sc-4eawh9-3 fHDZeF MuiTypography-h5"
          >
            Defender units
          </h5>
          <svg
            aria-hidden="true"
            class="MuiSvgIcon-root BattleSimulator__SideClearIcon-sc-p84n5w-1 BattleSimulator___StyledSideClearIcon2-sc-p84n5w-2 gRsiHN Hsxbf MuiSvgIcon-fontSizeSmall"
            focusable="false"
            title="Clear all units on this side"
            viewBox="0 0 24 24"
          >
            <path
              d="M6 19c0 1.1.9 2 2 2h8c1.1 0 2-.9 2-2V7H6v12zM19 4h-3.5l-1-1h-5l-1 1H5v2h14V4z"
            />
          </svg>
          <label
            class="MuiFormLabel-root MuiInputLabel-root MuiInputLabel-animated MuiInputLabel-shrink"
            data-shrink="true"
          >
            Structure
          </label>
          <div
            aria-expanded="false"
            class="MuiAutocomplete-root MuiAutocomplete-hasClearIcon MuiAutocomplete-hasPopupIcon"
            role="combobox"
          >
            <div
              class="MuiFormControl-root MuiTextField-root BattleSimulator___StyledTextField2-sc-p84n5w-7 kAaUSu MuiFormControl-fullWidth"
            >
              <div
                class="MuiInputBase-root MuiOutlinedInput-root MuiAutocomplete-inputRoot MuiInputBase-fullWidth MuiInputBase-formControl MuiInputBase-adornedEnd MuiOutlinedInput-adornedEnd MuiInputBase-marginDense MuiOutlinedInput-marginDense"
              >
                <input
                  aria-autocomplete="list"
                  aria-invalid="false"
                  autocapitalize="none"
                  autocomplete="off"
                  class="MuiInputBase-input MuiOutlinedInput-input MuiAutocomplete-input MuiAutocomplete-inputFocused MuiInputBase-inputAdornedEnd MuiOutlinedInput-inputAdornedEnd MuiInputBase-inputMarginDense MuiOutlinedInput-inputMarginDense"
                  id="defender-structure-autocomplete"
                  spellcheck="false"
                  type="text"
                  value=""
                />
                <div
                  class="MuiAutocomplete-endAdornment"
                >
                  <button
                    aria-label="Clear"
                    class="MuiButtonBase-root MuiIconButton-root MuiAutocomplete-clearIndicator"
                    tabindex="-1"
                    title="Clear"
                    type="button"
                  >
                    <span
                      class="MuiIconButton-label"
                    >
                      <svg
                        aria-hidden="true"
                        class="MuiSvgIcon-root MuiSvgIcon-fontSizeSmall"
                        focusable="false"
                        viewBox="0 0 24 24"
                      >
                        <path
                          d="M19 6.41L17.59 5 12 10.59 6.41 5 5 6.41 10.59 12 5 17.59 6.41 19 12 13.41 17.59 19 19 17.59 13.41 12z"
                        />
                      </svg>
                    </span>
                    <span
                      class="MuiTouchRipple-root"
                    />
                  </button>
                  <button
                    aria-label="Open"
                    class="MuiButtonBase-root MuiIconButton-root MuiAutocomplete-popupIndicator"
                    tabindex="-1"
                    title="Open"
                    type="button"
                  >
                    <span
                      class="MuiIconButton-label"
                    >
                      <svg
                        aria-hidden="true"
                        class="MuiSvgIcon-root"
                        focusable="false"
                        viewBox="0 0 24 24"
                      >
                        <path
                          d="M7 10l5 5 5-5z"
                        />
                      </svg>
                    </span>
                    <span
                      class="MuiTouchRipple-root"
                    />
                  </button>
                </div>
                <fieldset
                  aria-hidden="true"
                  class="PrivateNotchedOutline-root MuiOutlinedInput-notchedOutline"
                  style="padding-left: 8px;"
                >
                  <legend
                    class="PrivateNotchedOutline-legend"
                    style="width: 0.01px;"
                  >
                    <span>
                      ​
                    </span>
                  </legend>
                </fieldset>
              </div>
            </div>
          </div>
          <div
            class="MuiPaper-root MuiTableContainer-root UnitList___StyledTableContainer-sc-1jknfe-0 eryOhk MuiPaper-elevation1 MuiPaper-rounded"
          >
            <table
              aria-label="a dense table"
              class="MuiTable-root"
            >
              <thead
                class="MuiTableHead-root"
              >
                <tr
                  class="MuiTableRow-root MuiTableRow-head"
                >
                  <th
                    class="MuiTableCell-root MuiTableCell-head MuiTableCell-sizeSmall"
                    scope="col"
                  >
                    Name
                  </th>
                  <th
                    class="MuiTableCell-root MuiTableCell-head MuiTableCell-alignLeft MuiTableCell-sizeSmall"
                    scope="col"
                  >
                    Items
                  </th>
                  <th
                    class="MuiTableCell-root MuiTableCell-head MuiTableCell-alignLeft MuiTableCell-sizeSmall"
                    scope="col"
                  >
                    Skills
                  </th>
                  <th
                    class="MuiTableCell-root MuiTableCell-head MuiTableCell-alignLeft MuiTableCell-sizeSmall"
                    scope="col"
                  >
                    Behind
                  </th>
                  <th
                    class="MuiTableCell-root MuiTableCell-head MuiTableCell-alignRight MuiTableCell-sizeSmall"
                    scope="col"
                  >
                    Actions
                  </th>
                </tr>
              </thead>
              <tbody
                class="MuiTableBody-root"
              >
                <tr
                  class="MuiTableRow-root"
                >
                  <th
                    class="MuiTableCell-root MuiTableCell-body MuiTableCell-sizeSmall"
                    role="cell"
                    scope="row"
                  >
                    Unit
                  </th>
                  <td
                    class="MuiTableCell-root MuiTableCell-body MuiTableCell-alignLeft MuiTableCell-sizeSmall"
                  >
                    <div>
                      1 [LEAD]
                    </div>
                  </td>
                  <td
                    class="MuiTableCell-root MuiTableCell-body MuiTableCell-alignLeft MuiTableCell-sizeSmall"
                  />
                  <td
                    class="MuiTableCell-root MuiTableCell-body MuiTableCell-alignLeft MuiTableCell-sizeSmall"
                  >
                    no
                  </td>
                  <td
                    class="MuiTableCell-root MuiTableCell-body MuiTableCell-alignRight MuiTableCell-sizeSmall"
                  >
                    <svg
                      aria-hidden="true"
                      class="MuiSvgIcon-root UnitList___StyledEditIcon-sc-1jknfe-1 kZIxit MuiSvgIcon-fontSizeSmall"
                      focusable="false"
                      title="Edit"
                      viewBox="0 0 24 24"
                    >
                      <path
                        d="M3 17.25V21h3.75L17.81 9.94l-3.75-3.75L3 17.25zM20.71 7.04c.39-.39.39-1.02 0-1.41l-2.34-2.34a.9959.9959 0 00-1.41 0l-1.83 1.83 3.75 3.75 1.83-1.83z"
                      />
                    </svg>
                    <svg
                      aria-hidden="true"
                      class="MuiSvgIcon-root UnitList___StyledFileCopyIcon-sc-1jknfe-2 gQOMaF MuiSvgIcon-fontSizeSmall"
                      focusable="false"
                      title="Duplicate"
                      viewBox="0 0 24 24"
                    >
                      <path
                        d="M16 1H4c-1.1 0-2 .9-2 2v14h2V3h12V1zm-1 4l6 6v10c0 1.1-.9 2-2 2H7.99C6.89 23 6 22.1 6 21l.01-14c0-1.1.89-2 1.99-2h7zm-1 7h5.5L14 6.5V12z"
                      />
                    </svg>
                    <svg
                      aria-hidden="true"
                      class="MuiSvgIcon-root UnitList___StyledSyncAltIcon-sc-1jknfe-3 fCdAbp MuiSvgIcon-fontSizeSmall"
                      focusable="false"
                      title="Duplicate to other side"
                      viewBox="0 0 24 24"
                    >
                      <path
                        d="M22 8l-4-4v3H3v2h15v3l4-4zM2 16l4 4v-3h15v-2H6v-3l-4 4z"
                      />
                    </svg>
                    <svg
                      aria-hidden="true"
                      class="MuiSvgIcon-root UnitList___StyledDeleteIcon-sc-1jknfe-4 fckdFN MuiSvgIcon-fontSizeSmall"
                      focusable="false"
                      title="Delete"
                      viewBox="0 0 24 24"
                    >
                      <path
                        d="M6 19c0 1.1.9 2 2 2h8c1.1 0 2-.9 2-2V7H6v12zM19 4h-3.5l-1-1h-5l-1 1H5v2h14V4z"
                      />
                    </svg>
                  </td>
                </tr>
              </tbody>
            </table>
          </div>
        </div>
      </div>
    </div>
    <div
      class="BattleSimulator__RunBattleContainer-sc-p84n5w-0 kvGwZo"
    >
      <div
        class="MuiButtonGroup-root MuiButtonGroup-disableElevation MuiButtonGroup-contained"
        role="group"
      >
        <button
          class="MuiButtonBase-root MuiButton-root MuiButton-contained MuiButtonGroup-grouped MuiButtonGroup-groupedHorizontal MuiButtonGroup-groupedContained MuiButtonGroup-groupedContainedHorizontal MuiButtonGroup-groupedContainedPrimary MuiButton-containedPrimary MuiButton-containedSizeLarge MuiButton-sizeLarge MuiButton-disableElevation"
          tabindex="0"
          type="button"
        >
          <span
            class="MuiButton-label"
          >
            <span
              class="MuiButton-startIcon MuiButton-iconSizeLarge"
            >
              <svg
                aria-hidden="true"
                class="MuiSvgIcon-root"
                focusable="false"
                viewBox="0 0 24 24"
              >
                <path
                  d="M19 19H5V5h7V3H5c-1.11 0-2 .9-2 2v14c0 1.1.89 2 2 2h14c1.1 0 2-.9 2-2v-7h-2v7zM14 3v2h3.59l-9.83 9.83 1.41 1.41L19 6.41V10h2V3h-7z"
                />
              </svg>
            </span>
            Run battle
          </span>
          <span
            class="MuiTouchRipple-root"
          />
        </button>
        <button
          class="MuiButtonBase-root MuiButton-root MuiButton-contained MuiButtonGroup-grouped MuiButtonGroup-groupedHorizontal MuiButtonGroup-groupedContained MuiButtonGroup-groupedContainedHorizontal MuiButtonGroup-groupedContainedPrimary MuiButton-containedPrimary MuiButton-disableElevation"
          tabindex="0"
          type="button"
        >
          <span
            class="MuiButton-label"
          >
            <svg
              aria-hidden="true"
              class="MuiSvgIcon-root"
              focusable="false"
              viewBox="0 0 24 24"
            >
              <path
                d="M19.14 12.94c.04-.3.06-.61.06-.94 0-.32-.02-.64-.07-.94l2.03-1.58c.18-.14.23-.41.12-.61l-1.92-3.32c-.12-.22-.37-.29-.59-.22l-2.39.96c-.5-.38-1.03-.7-1.62-.94l-.36-2.54c-.04-.24-.24-.41-.48-.41h-3.84c-.24 0-.43.17-.47.41l-.36 2.54c-.59.24-1.13.57-1.62.94l-2.39-.96c-.22-.08-.47 0-.59.22L2.74 8.87c-.12.21-.08.47.12.61l2.03 1.58c-.05.3-.09.63-.09.94s.02.64.07.94l-2.03 1.58c-.18.14-.23.41-.12.61l1.92 3.32c.12.22.37.29.59.22l2.39-.96c.5.38 1.03.7 1.62.94l.36 2.54c.05.24.24.41.48.41h3.84c.24 0 .44-.17.47-.41l.36-2.54c.59-.24 1.13-.56 1.62-.94l2.39.96c.22.08.47 0 .59-.22l1.92-3.32c.12-.22.07-.47-.12-.61l-2.01-1.58zM12 15.6c-1.98 0-3.6-1.62-3.6-3.6s1.62-3.6 3.6-3.6 3.6 1.62 3.6 3.6-1.62 3.6-3.6 3.6z"
              />
            </svg>
          </span>
          <span
            class="MuiTouchRipple-root"
          />
        </button>
      </div>
    </div>
  </div>
  <p
    class="MuiTypography-root BattleSimulator__Footer-sc-p84n5w-4 rOIdr MuiTypography-body2"
  >
    Copyright © Raivis Gelsbergs 2022. 
    <br />
    You can report bugs in 
    <a
      href="https://github.com/gelzis/atlantis-battle-simulator"
      target="_blank"
    >
      Github
    </a>
     and/or contact me on 
    <a
      href="https://discord.gg/HusGETf"
    >
      discord
    </a>
    , my name tag is Gelzis#9633. 
    <br />
    <a
      href="https://github.com/gelzis/atlantis-battle-simulator"
      style="color: rgb(0, 0, 0);"
      target="_blank"
    >
      <svg
        aria-hidden="true"
        class="MuiSvgIcon-root"
        focusable="false"
        viewBox="0 0 24 24"
      >
        <path
          d="M12 .3a12 12 0 0 0-3.8 23.4c.6.1.8-.3.8-.6v-2c-3.3.7-4-1.6-4-1.6-.6-1.4-1.4-1.8-1.4-1.8-1-.7.1-.7.1-.7 1.2 0 1.9 1.2 1.9 1.2 1 1.8 2.8 1.3 3.5 1 0-.8.4-1.3.7-1.6-2.7-.3-5.5-1.3-5.5-6 0-1.2.5-2.3 1.3-3.1-.2-.4-.6-1.6 0-3.2 0 0 1-.3 3.4 1.2a11.5 11.5 0 0 1 6 0c2.3-1.5 3.3-1.2 3.3-1.2.6 1.6.2 2.8 0 3.2.9.8 1.3 1.9 1.3 3.2 0 4.6-2.8 5.6-5.5 5.9.5.4.9 1 .9 2.2v3.3c0 .3.1.7.8.6A12 12 0 0 0 12 .3"
        />
      </svg>
    </a>
  </p>
</DocumentFragment>
`;
